// Jest Snapshot v1, https://goo.gl/fbAQLP

exports[`<FormattedCurrency /> renders correctly 1`] = `
<Text
  accessible={true}
  allowFontScaling={true}
  ellipsizeMode="tail"
  style={null}
>
  $10.00
</Text>
`;
