// Jest Snapshot v1, https://goo.gl/fbAQLP

exports[`<FormattedNumber /> renders correctly 1`] = `
<Text
  accessibilityLabel=""
  accessible={true}
  allowFontScaling={true}
  ellipsizeMode="tail"
  style={null}
>
  1,000
</Text>
`;
