// Jest Snapshot v1, https://goo.gl/fbAQLP

exports[`<FormattedDate /> renders correctly 1`] = `
<Text
  accessibilityLabel=""
  accessible={true}
  allowFontScaling={true}
  ellipsizeMode="tail"
  style={null}
>
  1/1/2018
</Text>
`;
