// Jest Snapshot v1, https://goo.gl/fbAQLP

exports[`<FormattedPlural /> renders correctly 1`] = `
<Text
  accessible={true}
  allowFontScaling={true}
  ellipsizeMode="tail"
  style={null}
>
  :)
</Text>
`;
