// Jest Snapshot v1, https://goo.gl/fbAQLP

exports[`<FormattedNumber /> renders correctly 1`] = `
<Text
  accessibilityLabel=""
  accessible={true}
  adjustsFontSizeToFit={false}
  allowFontScaling={true}
>
  1,000
</Text>
`;
